# phone -> relay, read post-TLS in the harness own TLS terminator.
# columns: idx iso window type user sealed bytes
1 2026-09-21T13:12:06.085Z window=pre-pairing type=DEVICE_INFO user=0 sealed=- bytes=55
2 2026-09-21T13:12:06.101Z window=pre-pairing type=NOTIFICATION_PERMISSION user=0 sealed=- bytes=41
3 2026-09-21T13:12:06.127Z window=pre-pairing type=SIM_LIST user=1 sealed=0 bytes=79
4 2026-09-21T13:12:06.773Z window=pre-pairing type=DEVICE_INFO user=0 sealed=- bytes=55
5 2026-09-21T13:12:06.789Z window=pre-pairing type=NOTIFICATION_PERMISSION user=0 sealed=- bytes=41
6 2026-09-21T13:12:06.808Z window=pre-pairing type=SIM_LIST user=1 sealed=0 bytes=79
7 2026-09-21T13:12:18.402Z window=pre-pairing type=DEVICE_INFO user=0 sealed=- bytes=55
8 2026-09-21T13:12:18.417Z window=pre-pairing type=NOTIFICATION_PERMISSION user=0 sealed=- bytes=41
9 2026-09-21T13:12:18.440Z window=pre-pairing type=SIM_LIST user=1 sealed=0 bytes=79
10 2026-09-21T13:12:18.941Z window=pre-pairing type=DEVICE_INFO user=0 sealed=- bytes=55
11 2026-09-21T13:12:18.968Z window=pre-pairing type=NOTIFICATION_PERMISSION user=0 sealed=- bytes=41
12 2026-09-21T13:12:19.023Z window=pre-pairing type=SIM_LIST user=1 sealed=0 bytes=79
13 2026-09-21T13:12:49.359Z window=S1-ON type=ACCEPT_PAIRING user=0 sealed=- bytes=752
14 2026-09-21T13:12:50.420Z window=S1-ON type=SYNC_ESTIMATE user=1 sealed=1 bytes=257
15 2026-09-21T13:12:51.417Z window=S1-ON type=CONTACTS_CHUNK user=1 sealed=1 bytes=162
16 2026-09-21T13:12:51.739Z window=S1-ON type=MESSAGES_CHUNK user=1 sealed=1 bytes=162
17 2026-09-21T13:12:52.016Z window=S1-ON type=CALL_LOGS_CHUNK user=1 sealed=1 bytes=163
18 2026-09-21T13:13:04.418Z window=post-S1 type=APP_PONG user=0 sealed=- bytes=33
19 2026-09-21T13:13:24.818Z window=post-S1 type=DEVICE_INFO user=0 sealed=- bytes=55
20 2026-09-21T13:13:25.010Z window=post-S1 type=NOTIFICATION_PERMISSION user=0 sealed=- bytes=41
21 2026-09-21T13:13:25.100Z window=post-S1 type=SIM_LIST user=1 sealed=0 bytes=79
22 2026-09-21T13:13:25.524Z window=post-S1 type=DEVICE_INFO user=0 sealed=- bytes=55
23 2026-09-21T13:13:26.039Z window=post-S1 type=NOTIFICATION_PERMISSION user=0 sealed=- bytes=41
24 2026-09-21T13:13:26.069Z window=post-S1 type=SIM_LIST user=1 sealed=0 bytes=79
25 2026-09-21T13:15:53.242Z window=post-S1 type=DEVICE_INFO user=0 sealed=- bytes=55
26 2026-09-21T13:15:53.262Z window=post-S1 type=NOTIFICATION_PERMISSION user=0 sealed=- bytes=41
27 2026-09-21T13:15:53.308Z window=post-S1 type=SIM_LIST user=1 sealed=0 bytes=79
28 2026-09-21T13:15:53.954Z window=post-S1 type=DEVICE_INFO user=0 sealed=- bytes=55
29 2026-09-21T13:15:53.994Z window=post-S1 type=NOTIFICATION_PERMISSION user=0 sealed=- bytes=41
30 2026-09-21T13:15:53.997Z window=post-S1 type=SIM_LIST user=1 sealed=0 bytes=79
31 2026-09-21T13:16:28.560Z window=post-S1 type=DECLINE_PAIRING user=0 sealed=- bytes=68
32 2026-09-21T13:18:03.428Z window=post-S1 type=DEVICE_INFO user=0 sealed=- bytes=55
33 2026-09-21T13:18:03.442Z window=post-S1 type=NOTIFICATION_PERMISSION user=0 sealed=- bytes=41
34 2026-09-21T13:18:03.472Z window=post-S1 type=SIM_LIST user=1 sealed=0 bytes=79
35 2026-09-21T13:18:44.102Z window=post-S1 type=ACCEPT_PAIRING user=0 sealed=- bytes=752
36 2026-09-21T13:18:45.030Z window=post-S1 type=SYNC_ESTIMATE user=1 sealed=1 bytes=257
37 2026-09-21T13:18:46.415Z window=post-S1 type=CONTACTS_CHUNK user=1 sealed=1 bytes=162
38 2026-09-21T13:18:46.475Z window=post-S1 type=MESSAGES_CHUNK user=1 sealed=1 bytes=162
39 2026-09-21T13:18:46.749Z window=post-S1 type=CALL_LOGS_CHUNK user=1 sealed=1 bytes=163
40 2026-09-21T13:18:53.867Z window=post-S1 type=DEVICE_INFO user=0 sealed=- bytes=55
41 2026-09-21T13:18:53.877Z window=post-S1 type=NOTIFICATION_PERMISSION user=0 sealed=- bytes=41
42 2026-09-21T13:18:53.899Z window=post-S1 type=SIM_LIST user=1 sealed=0 bytes=79
43 2026-09-21T13:19:04.265Z window=S3 type=DEVICE_INFO user=0 sealed=- bytes=55
44 2026-09-21T13:19:04.291Z window=S3 type=NOTIFICATION_PERMISSION user=0 sealed=- bytes=41
45 2026-09-21T13:19:04.333Z window=S3 type=SIM_LIST user=1 sealed=0 bytes=79
46 2026-09-21T13:19:04.766Z window=S3 type=DEVICE_INFO user=0 sealed=- bytes=55
47 2026-09-21T13:19:04.798Z window=S3 type=NOTIFICATION_PERMISSION user=0 sealed=- bytes=41
48 2026-09-21T13:19:04.857Z window=S3 type=SIM_LIST user=1 sealed=0 bytes=79
49 2026-09-21T13:19:28.103Z window=S3 type=DEVICE_INFO user=0 sealed=- bytes=55
50 2026-09-21T13:19:28.110Z window=S3 type=NOTIFICATION_PERMISSION user=0 sealed=- bytes=41
51 2026-09-21T13:19:28.181Z window=S3 type=SIM_LIST user=1 sealed=0 bytes=79
52 2026-09-21T13:19:29.037Z window=S3 type=DEVICE_INFO user=0 sealed=- bytes=55
53 2026-09-21T13:19:29.067Z window=S3 type=NOTIFICATION_PERMISSION user=0 sealed=- bytes=41
54 2026-09-21T13:19:29.102Z window=S3 type=SIM_LIST user=1 sealed=0 bytes=79
55 2026-09-21T13:20:11.392Z window=S3 type=ACCEPT_PAIRING user=0 sealed=- bytes=752
56 2026-09-21T13:20:12.512Z window=S3 type=SYNC_ESTIMATE user=1 sealed=1 bytes=257
57 2026-09-21T13:20:13.475Z window=S3 type=CONTACTS_CHUNK user=1 sealed=1 bytes=162
58 2026-09-21T13:20:13.850Z window=S3 type=MESSAGES_CHUNK user=1 sealed=1 bytes=162
59 2026-09-21T13:20:14.061Z window=S3 type=CALL_LOGS_CHUNK user=1 sealed=1 bytes=163
60 2026-09-21T13:21:55.649Z window=S3 type=DEVICE_INFO user=0 sealed=- bytes=55
61 2026-09-21T13:21:55.667Z window=S3 type=NOTIFICATION_PERMISSION user=0 sealed=- bytes=41
62 2026-09-21T13:21:55.700Z window=S3 type=SIM_LIST user=1 sealed=0 bytes=79
63 2026-09-21T13:22:41.614Z window=S3 type=ACCEPT_PAIRING user=0 sealed=- bytes=752
64 2026-09-21T13:22:42.541Z window=S3 type=SYNC_ESTIMATE user=1 sealed=1 bytes=257
65 2026-09-21T13:22:43.661Z window=S3 type=CONTACTS_CHUNK user=1 sealed=1 bytes=162
66 2026-09-21T13:22:43.975Z window=S3 type=MESSAGES_CHUNK user=1 sealed=1 bytes=162
67 2026-09-21T13:22:44.246Z window=S3 type=CALL_LOGS_CHUNK user=1 sealed=1 bytes=163
68 2026-09-21T13:23:00.924Z window=S4 type=DEVICE_INFO user=0 sealed=- bytes=55
69 2026-09-21T13:23:01.037Z window=S4 type=NOTIFICATION_PERMISSION user=0 sealed=- bytes=41
70 2026-09-21T13:23:01.078Z window=S4 type=SIM_LIST user=1 sealed=0 bytes=79
71 2026-09-21T13:23:01.580Z window=S4 type=DEVICE_INFO user=0 sealed=- bytes=55
72 2026-09-21T13:23:01.597Z window=S4 type=NOTIFICATION_PERMISSION user=0 sealed=- bytes=41
73 2026-09-21T13:23:01.610Z window=S4 type=SIM_LIST user=1 sealed=0 bytes=79
74 2026-09-21T13:23:26.551Z window=S4 type=DEVICE_INFO user=0 sealed=- bytes=55
75 2026-09-21T13:23:26.572Z window=S4 type=NOTIFICATION_PERMISSION user=0 sealed=- bytes=41
76 2026-09-21T13:23:26.597Z window=S4 type=SIM_LIST user=1 sealed=0 bytes=79
77 2026-09-21T13:23:26.958Z window=S4 type=DEVICE_INFO user=0 sealed=- bytes=55
78 2026-09-21T13:23:26.982Z window=S4 type=NOTIFICATION_PERMISSION user=0 sealed=- bytes=41
79 2026-09-21T13:23:27.013Z window=S4 type=SIM_LIST user=1 sealed=0 bytes=79
80 2026-09-21T13:24:12.917Z window=S4 type=ACCEPT_PAIRING user=0 sealed=- bytes=752
81 2026-09-21T13:24:14.047Z window=S4 type=SYNC_ESTIMATE user=1 sealed=1 bytes=257
82 2026-09-21T13:24:14.974Z window=S4 type=CONTACTS_CHUNK user=1 sealed=1 bytes=162
83 2026-09-21T13:24:15.377Z window=S4 type=MESSAGES_CHUNK user=1 sealed=1 bytes=162
84 2026-09-21T13:24:15.564Z window=S4 type=CALL_LOGS_CHUNK user=1 sealed=1 bytes=163
85 2026-09-21T13:24:27.940Z window=S4 type=APP_PONG user=0 sealed=- bytes=33
86 2026-09-21T13:24:47.433Z window=S4 type=DEVICE_INFO user=0 sealed=- bytes=55
87 2026-09-21T13:24:47.583Z window=S4 type=NOTIFICATION_PERMISSION user=0 sealed=- bytes=41
88 2026-09-21T13:24:47.607Z window=S4 type=SIM_LIST user=1 sealed=0 bytes=79
89 2026-09-21T13:24:48.298Z window=S4 type=DEVICE_INFO user=0 sealed=- bytes=55
90 2026-09-21T13:24:48.755Z window=S4 type=NOTIFICATION_PERMISSION user=0 sealed=- bytes=41
91 2026-09-21T13:24:48.812Z window=S4 type=SIM_LIST user=1 sealed=0 bytes=79
92 2026-09-21T13:27:15.617Z window=S4 type=DEVICE_INFO user=0 sealed=- bytes=55
93 2026-09-21T13:27:15.634Z window=S4 type=NOTIFICATION_PERMISSION user=0 sealed=- bytes=41
94 2026-09-21T13:27:15.772Z window=S4 type=SIM_LIST user=1 sealed=0 bytes=79
95 2026-09-21T13:27:59.466Z window=S4 type=ACCEPT_PAIRING user=0 sealed=- bytes=752
96 2026-09-21T13:28:00.557Z window=S4 type=SYNC_ESTIMATE user=1 sealed=1 bytes=257
97 2026-09-21T13:28:01.585Z window=S4 type=CONTACTS_CHUNK user=1 sealed=1 bytes=162
98 2026-09-21T13:28:01.856Z window=S4 type=MESSAGES_CHUNK user=1 sealed=1 bytes=162
99 2026-09-21T13:28:02.117Z window=S4 type=CALL_LOGS_CHUNK user=1 sealed=1 bytes=163
100 2026-09-21T13:28:18.340Z window=S4 type=DEVICE_INFO user=0 sealed=- bytes=55
101 2026-09-21T13:28:18.351Z window=S4 type=NOTIFICATION_PERMISSION user=0 sealed=- bytes=41
102 2026-09-21T13:28:18.382Z window=S4 type=SIM_LIST user=1 sealed=0 bytes=79
103 2026-09-21T13:28:53.455Z window=S4 type=DEVICE_INFO user=0 sealed=- bytes=55
104 2026-09-21T13:28:53.473Z window=S4 type=NOTIFICATION_PERMISSION user=0 sealed=- bytes=41
105 2026-09-21T13:28:53.492Z window=S4 type=SIM_LIST user=1 sealed=0 bytes=79
106 2026-09-21T13:28:54.219Z window=S4 type=DEVICE_INFO user=0 sealed=- bytes=55
107 2026-09-21T13:28:54.251Z window=S4 type=NOTIFICATION_PERMISSION user=0 sealed=- bytes=41
108 2026-09-21T13:28:54.273Z window=S4 type=SIM_LIST user=1 sealed=0 bytes=79
109 2026-09-21T13:29:38.692Z window=S4 type=ACCEPT_PAIRING user=0 sealed=- bytes=752
110 2026-09-21T13:29:39.761Z window=S4 type=SYNC_ESTIMATE user=1 sealed=1 bytes=257
111 2026-09-21T13:29:40.761Z window=S4 type=CONTACTS_CHUNK user=1 sealed=1 bytes=162
112 2026-09-21T13:29:41.088Z window=S4 type=MESSAGES_CHUNK user=1 sealed=1 bytes=162
113 2026-09-21T13:29:41.357Z window=S4 type=CALL_LOGS_CHUNK user=1 sealed=1 bytes=163