=== GATE P6.1C START 2026-09-21T19:21:55Z ===

e2e-gate P6.1C lane=all
root=C:\Users\D\worktrees\computercaller\e2e-p61c
base=445138a (programme identity)
scope-base=e93433f (merge-base vs origin/e2e/integration)

  PASS  git-identity-clean-base-ancestry ({"dirtyPaths":0,"baseIsAncestor":true})
  PASS  scope-diff-vs-base ({"changed":0,"android":0,"nonAndroid":0,"offLane":0,"scopeBase":"e93433fd084e216ced51b41926fb91bee3999059","scopeBaseKind":"merge-base"})
  PASS  node-check:server.js
  PASS  node-check:chrome-extension/background.js
  PASS  node-check:chrome-extension/shell.js
  PASS  tsc-noEmit ({"errors":0})
  PASS  lint ({"problems":109,"errors":34,"warnings":75,"grown":0,"inherited":1,"shrunk":0,"floorRev":"e93433fd084e216ced51b41926fb91bee3999059"})
  PASS  build ({"routes":68})
  PASS  check-extension
  PASS  check-no-identities
  PASS  relay:pairing-persist ({"passed":103,"total":103})
  PASS  relay:pair-state ({"passed":50,"total":50})
  PASS  relay:dock-resume ({"passed":42,"total":42})
  PASS  relay:reset-room ({"passed":28,"total":28})
  PASS  relay:listener-heartbeat ({"passed":16,"total":16})
  PASS  relay:relink-kill-frame-buffer ({"passed":43,"total":43})
  PASS  relay:call-separation ({"passed":33,"total":33})
  PASS  relay:www-origin ({"passed":36,"total":36})
  PASS  relay:repro-resume-sync ({"passed":13,"total":13})
  PASS  relay:session-superseded ({"passed":54,"total":54})
  PASS  relay:log-redaction ({"passed":96,"total":96})
  PASS  relay:devicekey-authz ({"passed":83,"total":83})
  PASS  relay:ft-relay ({"passed":245,"total":245})
  PASS  relay:e2e-a41-room-reset.test.mjs ({"passed":11,"total":11})
  PASS  relay:e2e-epoch-claim.test.mjs ({"passed":20,"total":20})
  PASS  relay:e2e-ft-idb.test.mjs ({"passed":31,"total":31})
  PASS  relay:e2e-ft-relay-abort.test.mjs ({"passed":221,"total":221})
  PASS  relay:e2e-ft-sw-routing.test.mjs ({"passed":41,"total":41})
  PASS  relay:e2e-ft-sw-union.test.mjs ({"passed":44,"total":44})
  PASS  relay:e2e-ft-web-core.test.mjs ({"passed":188,"total":188})
  PASS  relay:e2e-ft-web-transfer.test.mjs ({"passed":50,"total":50})
  PASS  relay:e2e-key-lifecycle.test.mjs ({"passed":182,"total":182})
  PASS  relay:e2e-kill-switch.test.mjs ({"passed":75,"total":75})
  PASS  relay:e2e-listener-wrap.test.mjs ({"passed":48,"total":48})
  PASS  relay:e2e-mixed-mode-matrix.test.mjs ({"passed":111,"total":111})
  PASS  relay:e2e-pair-state-ctx.test.mjs ({"passed":55,"total":55})
  PASS  relay:e2e-passthrough.test.mjs ({"passed":75,"total":75})
  PASS  relay:e2e-relay-abort-counter.test.mjs ({"passed":14,"total":14})
  PASS  relay:e2e-reset-room-epoch.test.mjs ({"passed":28,"total":28})
  PASS  relay:e2e-resume-carries-block.test.mjs ({"passed":57,"total":57})
  PASS  relay:e2e-sealed-twin-selftest.test.mjs ({"passed":17,"total":17})
  PASS  relay:e2e-sw-a3-ctx.test.mjs ({"passed":31,"total":31})
  PASS  relay:e2e-sw-a4-canonical-peer.test.mjs ({"passed":20,"total":20})
  PASS  relay:e2e-sw-a5-forward-jump.test.mjs ({"passed":22,"total":22})
  PASS  relay:e2e-sw-a5-live-key.test.mjs ({"passed":12,"total":12})
  PASS  relay:e2e-sw-chokepoint.test.mjs ({"passed":28,"total":28})
  PASS  relay:e2e-sw-nonce-prefix.test.mjs ({"passed":17,"total":17})
  PASS  relay:e2e-sw-passthrough.test.mjs ({"passed":112,"total":112})
  PASS  relay:e2e-sw-session.test.mjs ({"passed":19,"total":19})
  PASS  relay:e2e-sw-vendor-drift.test.mjs ({"passed":3,"total":3})
  PASS  relay:e2e-web-ctx-a4.test.mjs ({"passed":53,"total":53})
  PASS  relay:e2e-web-ctx.test.mjs ({"passed":58,"total":58})
  PASS  relay:e2e-web-epoch-floor.test.mjs ({"passed":123,"total":123})
  PASS  relay:e2e-web-error-state.test.mjs ({"passed":64,"total":64})
  PASS  relay:e2e-web-forward-jump.test.mjs ({"passed":36,"total":36})
  PASS  relay:e2e-web-frame-classifier.test.mjs ({"passed":174,"total":174})
  PASS  relay:e2e-web-idb.test.mjs ({"passed":30,"total":30})
  PASS  relay:e2e-web-mode-byte.test.mjs ({"passed":33,"total":33})
  PASS  relay:e2e-web-policy.test.mjs ({"passed":151,"total":151})
  PASS  relay:e2e-web-rawsend-pin.test.mjs ({"passed":38,"total":38})
  PASS  relay:e2e-web-revocation-wiring.test.mjs ({"passed":90,"total":90})
  PASS  relay:e2e-web-revocation.test.mjs ({"passed":51,"total":51})
  PASS  relay:e2e-web-sas-confirm.test.mjs ({"passed":58,"total":58})
  PASS  relay:e2e-web-sas-coverage.test.mjs ({"passed":29,"total":29})
  PASS  relay:e2e-web-session.test.mjs ({"passed":106,"total":106})
  PASS  relay:e2e-web-sw-advert.test.mjs ({"passed":47,"total":47})
  PASS  relay:e2e-web-webkey.test.mjs ({"passed":127,"total":127})
  PASS  unit:sas-vectors ({"passed":65,"total":65})
  PASS  unit:padding-property ({"passed":46,"total":46})
  PASS  unit:kdf-vectors ({"passed":439,"total":439})
  PASS  unit:kdf-vectors-schema ({"passed":30,"total":30})
  PASS  unit:ext-auth-absence ({"passed":21,"total":21})
  PASS  unit:ext-pin-provenance ({"passed":24,"total":24})
  PASS  unit:scope-base ({"passed":33,"total":33})
  PASS  unit:gate-phase-whitelist ({"passed":38,"total":38})
  PASS  unit:thread-read-state ({"passed":40,"total":40})
  PASS  unit:idle-clock ({"passed":22,"total":22})
  PASS  unit:ext-signout-reason ({"passed":13,"total":13})
  PASS  unit:gate-java-home
  PASS  unit:harness-list ({"passed":149,"total":149})
  PASS  unit:headroom ({"passed":54,"total":54})
  PASS  unit:soak-rig ({"passed":82,"total":82})
  PASS  unit:soak-handshake ({"passed":22,"total":22})
  PASS  unit:live-peer ({"passed":107,"total":107})
  PASS  unit:idb-migration ({"passed":30,"total":30})
  PASS  unit:ctx-parity ({"passed":14,"total":14})
  PASS  unit:bridge-origin-pin ({"passed":13,"total":13})
  PASS  env:headroom ({"freeGib":6.7,"requiredGib":6})
  ok    env:headroom — 6.7 GiB free >= 6 GiB (before the P6 real-relay proofs (p6:cross-impl drives Chromium))
  PASS  p6:replay ({"passed":58,"total":58})
  PASS  p6:canary ({"passed":22,"total":22})
  PASS  p6:staging-relay ({"passed":88,"total":88})
  PASS  p6:cross-impl ({"passed":27,"total":27})
  PASS  harness-dev-server ({"port":4736,"pid":41288})
  PASS  clarity-scope ({"exit":0,"buildChecked":1,"runtimeChecked":1})
  PASS  harness-env ({"dbUrlSet":1,"jwtSet":1,"ccBaseUrlSet":1,"shotEmailSet":1})
  PASS  harness:app-in-call-shots ({"passed":47,"total":47})
  PASS  reap:app-in-call-shots ({"leaked":0})
  PASS  harness:ext-badge-counter-proof ({"passed":58,"total":58})
  PASS  reap:ext-badge-counter-proof ({"leaked":0})
  PASS  harness:ext-in-call-shots ({"passed":47,"total":47})
  PASS  reap:ext-in-call-shots ({"leaked":0})
  PASS  harness:ext-layering-shots ({"passed":14,"total":14})
  PASS  reap:ext-layering-shots ({"leaked":0})
  PASS  harness:ext-shell-theme-proof ({"passed":20,"total":20})
  PASS  reap:ext-shell-theme-proof ({"leaked":0})
  PASS  harness:ext-templates-scroll-call-message-proof ({"passed":26,"total":26})
  PASS  reap:ext-templates-scroll-call-message-proof ({"leaked":0})
  PASS  harness:ext-sw-lifetime-proof
  PASS  reap:ext-sw-lifetime-proof ({"leaked":0})
  PASS  harness:e2e-ui-proof ({"passed":118,"total":118})
  PASS  reap:e2e-ui-proof ({"leaked":0})
  PASS  harness-mode ({"parallel":0,"harnesses":8})
  PASS  android:java-home ({"missing":0})
  PASS  android:assembleDebug
  PASS  android:lint ({"issues":0,"reportFresh":1,"gradleExit":0})
  PASS  android:SasVectorsTest ({"passed":7,"total":7,"failures":0,"errors":0,"skipped":0,"files":1})
  PASS  android:testDebugUnitTest ({"passed":250,"total":250,"failures":0,"errors":0,"skipped":0,"files":19})
  PASS  android:instrumented-A5 ({"passed":8,"total":8,"failures":0,"errors":0,"skipped":0,"files":1})
  PASS  android:never-signs-release ({"releaseTasks":0})
  PASS  baseline-parity ({"reference":16,"comparable":16,"regressed":0})

PASS — 120/120 steps
evidence: C:/Users/D/worktrees/computercaller/e2e-p61c/e2e-evidence/gate-P6.1C-e93433f.json

GATE_EXIT=0
=== GATE P6.1C END 2026-09-21T19:45:45Z ===
