=== LIVE RUN --only=4a START 2026-09-21T22:31:43Z ===
device: emulator-5562	device
ok   PRE-adb is root — id -u = 0
ok   PRE-hosts maps computercaller.com -> 10.0.2.2 — 10.0.2.2 computercaller.com
ok   PRE-test CA in /system/etc/security/cacerts — 1738bf2a.0 present
ok   PRE-test CA in the Conscrypt APEX trust store — 1738bf2a.0 present
relay pid=46920 port=5377
relay log: C:\Users\D\worktrees\computercaller\p61e2-logs\p61b-crossimpl-5377-2026-09-21T22-31-48-592Z.log
ok   PRE-user  real entitled user seeded in the real scratch DB — id=cmubtlbr70000l228ekepy2vi
  [computer] launching chromium (extension: C:\Users\D\worktrees\computercaller\e2e-p61c\chrome-extension)
  [computer] waiting for the extension service worker
  [computer] extension service worker up: helkcjjlidcceiifjccolmppanfmcjjg
ok   PRE-page  the real web app loaded on the baked origin — http://localhost:3000/app
ok   PH-install  the debug APK installed on this lane's AVD — emulator-5562 C:\Users\D\worktrees\computercaller\e2e-p61c\dnkdialer-android\app\build\outputs\apk\debug\app-debug.apk
  [app-proxy] UPGRADE /relay
  [app-proxy] UPGRADE /relay
ok   PH-login-net the app issued POST /api/auth/apk-login through the TLS terminator — POST /api/auth/apk-login
ok   PH-signin   SignInActivity dismissed (the real login was accepted) — signed in
  [phone-proxy] UPGRADE /relay/phone
  [phone-proxy] UPGRADE /relay/phone
ok   PRE-phone the RELAY observed the real app open /relay/phone — Phone joined lobby (browsers=1, active=false)
ok   M-A6-2a  GET /api/devicekeys/list answered as the phone's user, BEFORE any pairing was offered — 1 live row(s); top-level userId=cmubtlbr70000l228ekepy2vi
ok   M-A6-2b  a LIVE phone DeviceKey row exists at that moment (register-on-login, not register-on-pair) — deviceId=jwTCglS_lVN14Rea_VOXnA kind=phone
ok   M-A6-2c  the registry states the SAME account id the page derives its context under (R-BH option B) — list.userId=cmubtlbr70000l228ekepy2vi vs seeded User.id=cmubtlbr70000l228ekepy2vi
ok   A6-P61B-3 CLOSED: a receiver for ACTION_E2E_SAS_REQUIRED is registered by the running app — dumpsys match count=1 — the 1b emitter path is reachable; the phone raised its hero face in S1
ok   S4-pref  the phone's local encrypted-mode setting reads back ON from disk — computercaller_e2e_prefs/encrypted_mode=true
  [app-proxy] UPGRADE /relay
  [phone-proxy] UPGRADE /relay/phone
  [phone-proxy] UPGRADE /relay/phone
ok   S4-skip   METHOD CHANGE — S4 main + S4b legs skipped so the REVOKE leg gets this device's one reliable pairing — Pre-approved for P6.1e-2. Scenario 4 normally pairs three times (S4 -> S4b -> S4a) and item 4 lives in the LAST leg, but this AVD pairs reliably only once per fresh install, so S4a never got a pair (3 runs, 3 x 'no armed line'). The legs are NOT reordered in place — the driver's own note records that revoking the phone key breaks later pairings, which is why the revoke leg is last. No assertion and no product code changed.
  [phone-proxy] UPGRADE /relay/phone
  [phone-proxy] UPGRADE /relay/phone
  [app-proxy] UPGRADE /relay
ok   PAIR-S4a-lobby  the page offers Connect (relay reported the phone in the lobby) — Connect enabled
ok   PAIR-S4a-accept the PHONE showed a connection request and Accept was tapped — pairAcceptButton tapped
ok   S4a-pair  a fresh confirmed ON pair exists for the revoke leg — E2E armed kid=gbFFr5KIuYhHDmgyCFbqcA epoch=1 mode=ON verified=true recipients=1 sas=51313
ok   S4a-revoke the phone's DeviceKey row was revoked through the product's own API — row id=cmubtlz2p0001l27cmdgegvci deviceId=jwTCglS_lVN14Rea_VOXnA -> ok=true status=200
ok   S4a-registry the registry now reports that row as revoked — revokedAt=2026-09-21T22:34:23.988Z
  [app-proxy] UPGRADE /relay
ok   S4a-refuse the page REFUSED the revoked peer after re-reading the registry (F1-live, phone->page direction) — console: [warning] [E2E] e2e-key-mismatch — C-2 pin failed (no-phone-row) with effective mode ON — failing closed | chip: Device not verified
ok   S4a-nosession the computer side holds no live session on the revoked kid — kid before=gbFFr5KIuYhHDmgyCFbqcA sw kid after=(none)
ok   S4a-c2    the page failed closed at C-2 with the product’s own refusal sentence (e2e-key-mismatch / C-2 pin failed) — reason=(no-phone-row) — a C-2 pin verdict; for a REVOKED row this is 'no-phone-row' by phoneE2e.ts:397-399 + useE2e.ts:626. An ON pair existed and was revoked (see S4a-pair / S4a-revoke), which is what makes this the item-4 path rather than an unpaired refusal. Line: [warning] [E2E] e2e-key-mismatch — C-2 pin failed (no-phone-row) with effective mode ON — failing closed
ok   S4a-modeon ...and it failed closed with EFFECTIVE MODE ON (hooks/phoneE2e.ts:553, not the mode-OFF "sealing unverified" branch at :561) — [warning] [E2E] e2e-key-mismatch — C-2 pin failed (no-phone-row) with effective mode ON — failing closed
ok   S4a-noadmit the revoked pair was NOT admitted as a RESUME (MUST 2 on the P2.6 admission path) — no epoch-admission line in the post-revocation resume window. The relay DID offer a resume ([log] [PhoneBridge] Handling message type: PAIRING_ACTIVE payload: {deviceName: Google sdk_gphone64_x86_64, e2e: Object,...) and the page still refused — which is the point of MUST 2: the relay's `resumed` bit is not an admission input (R-BL).
ok   S4a-leave  the page tore the pair down rather than holding it open on a revoked kid — [log] [PhoneBridge] leaveActive — back in lobby

artefacts:
  C:\Users\D\worktrees\computercaller\p61e2-logs\crossimpl-table-2026-09-21T22-31-44-849Z.json
  C:\Users\D\worktrees\computercaller\p61e2-logs\crossimpl-table-2026-09-21T22-31-44-849Z.md
  C:\Users\D\worktrees\computercaller\p61e2-logs\relay-redacted-2026-09-21T22-31-44-849Z.log
reaped 9 chromium pid(s) by pid

27 passed, 0 failed, 0 finding(s)
LIVE_EXIT=0
=== LIVE RUN END 2026-09-21T22:34:57Z ===
