# phone -> relay, read post-TLS in the harness own TLS terminator.
# columns: idx iso window type user sealed bytes
1 2026-09-21T21:30:49.755Z window=pre-pairing type=DEVICE_INFO user=0 sealed=- bytes=55
2 2026-09-21T21:30:49.765Z window=pre-pairing type=NOTIFICATION_PERMISSION user=0 sealed=- bytes=41
3 2026-09-21T21:30:49.779Z window=pre-pairing type=SIM_LIST user=1 sealed=0 bytes=79
4 2026-09-21T21:30:50.390Z window=pre-pairing type=DEVICE_INFO user=0 sealed=- bytes=55
5 2026-09-21T21:30:50.413Z window=pre-pairing type=NOTIFICATION_PERMISSION user=0 sealed=- bytes=41
6 2026-09-21T21:30:50.434Z window=pre-pairing type=SIM_LIST user=1 sealed=0 bytes=79
7 2026-09-21T21:31:03.624Z window=S3 type=DEVICE_INFO user=0 sealed=- bytes=55
8 2026-09-21T21:31:03.638Z window=S3 type=NOTIFICATION_PERMISSION user=0 sealed=- bytes=41
9 2026-09-21T21:31:03.904Z window=S3 type=DEVICE_INFO user=0 sealed=- bytes=55
10 2026-09-21T21:31:03.912Z window=S3 type=NOTIFICATION_PERMISSION user=0 sealed=- bytes=41
11 2026-09-21T21:31:03.937Z window=S3 type=SIM_LIST user=1 sealed=0 bytes=79
12 2026-09-21T21:31:26.820Z window=S3 type=DEVICE_INFO user=0 sealed=- bytes=55
13 2026-09-21T21:31:26.837Z window=S3 type=NOTIFICATION_PERMISSION user=0 sealed=- bytes=41
14 2026-09-21T21:31:26.923Z window=S3 type=SIM_LIST user=1 sealed=0 bytes=79
15 2026-09-21T21:31:27.421Z window=S3 type=DEVICE_INFO user=0 sealed=- bytes=55
16 2026-09-21T21:31:27.433Z window=S3 type=NOTIFICATION_PERMISSION user=0 sealed=- bytes=41
17 2026-09-21T21:31:27.459Z window=S3 type=SIM_LIST user=1 sealed=0 bytes=79
18 2026-09-21T21:32:10.824Z window=S3 type=ACCEPT_PAIRING user=0 sealed=- bytes=752
19 2026-09-21T21:32:11.880Z window=S3 type=SYNC_ESTIMATE user=1 sealed=1 bytes=257
20 2026-09-21T21:32:12.932Z window=S3 type=CONTACTS_CHUNK user=1 sealed=1 bytes=162
21 2026-09-21T21:32:13.195Z window=S3 type=MESSAGES_CHUNK user=1 sealed=1 bytes=162
22 2026-09-21T21:32:13.496Z window=S3 type=CALL_LOGS_CHUNK user=1 sealed=1 bytes=163
23 2026-09-21T21:32:25.879Z window=S3 type=APP_PONG user=0 sealed=- bytes=33
24 2026-09-21T21:32:40.876Z window=S3 type=APP_PONG user=0 sealed=- bytes=33
25 2026-09-21T21:32:55.879Z window=S3 type=APP_PONG user=0 sealed=- bytes=33
26 2026-09-21T21:33:10.866Z window=S3 type=APP_PONG user=0 sealed=- bytes=33
27 2026-09-21T21:33:15.490Z window=S3 type=CALL_ADD user=1 sealed=1 bytes=252
28 2026-09-21T21:33:15.983Z window=S3 type=CALL_UPDATE user=1 sealed=1 bytes=170
29 2026-09-21T21:33:16.047Z window=S3 type=CALL_ANSWERED user=1 sealed=1 bytes=172
30 2026-09-21T21:33:17.439Z window=S3 type=CALL_UPDATE user=1 sealed=1 bytes=170
31 2026-09-21T21:33:23.793Z window=S3 type=SYNC_ESTIMATE user=1 sealed=1 bytes=257
32 2026-09-21T21:33:24.890Z window=S3 type=MESSAGES_CHUNK user=1 sealed=1 bytes=162
33 2026-09-21T21:33:25.180Z window=S3 type=CALL_LOGS_CHUNK user=1 sealed=1 bytes=164
34 2026-09-21T21:33:37.942Z window=S3 type=APP_PONG user=0 sealed=- bytes=32
35 2026-09-21T21:33:52.855Z window=S3 type=APP_PONG user=0 sealed=- bytes=33
36 2026-09-21T21:34:07.863Z window=S3 type=APP_PONG user=0 sealed=- bytes=32
37 2026-09-21T21:34:22.893Z window=S3 type=APP_PONG user=0 sealed=- bytes=33
38 2026-09-21T21:34:37.862Z window=S3 type=APP_PONG user=0 sealed=- bytes=33
39 2026-09-21T21:34:52.862Z window=S3 type=APP_PONG user=0 sealed=- bytes=33
40 2026-09-21T21:35:07.861Z window=S3 type=APP_PONG user=0 sealed=- bytes=33
41 2026-09-21T21:35:22.865Z window=S3 type=APP_PONG user=0 sealed=- bytes=33
42 2026-09-21T21:35:37.893Z window=S3 type=APP_PONG user=0 sealed=- bytes=33