[e2e] encrypted pairing ENABLED (E2E_PAIRING_ENABLED === '1')
[Server] Starting ComputerCaller...
[Server] Mode: production
[Server] Preparing Next.js on port 3515...
[Server] Mounting relay WebSocket server on shared httpServer at /relay...
[Relay] Mounted on shared httpServer at /relay (browser) and /relay/phone (sign-in). Connect+Accept lobby model active (dispatch #32).
[Server] Next.js ready on http://localhost:3515
[Server] Relay WebSocket ready on ws://localhost:3515/relay (browser) and /relay/phone (phone).
(node:43476) [DEP0169] DeprecationWarning: `url.parse()` behavior is not standardized and prone to errors that have security implications. Use the WHATWG URL API instead. CVEs are not issued for `url.parse()` vulnerabilities.
(Use `node --trace-deprecation ...` to show where the warning was created)
[Relay] Connection authed user=cmubrddj30000l270gnbhb5vy via relay-ticket room=B74oGEHB:d3bc1717
[Relay][B74oGEHB:d3bc1717] Listener (extension SW) joined lobby — receive-only (deviceId=ext-BL1FCJQumntxI1mOQYo8ug)
[Relay][B74oGEHB:d3bc1717] Browser joined lobby (phones=0, active=false, listener=true, claim=none)
[Relay] Connection authed user=cmubrddj30000l270gnbhb5vy via relay-ticket room=B74oGEHB:d3bc1717
[Relay][B74oGEHB:d3bc1717] Browser joined lobby (phones=0, active=false, listener=false, claim=none)
[Relay] Connection authed user=cmubrddj30000l270gnbhb5vy via legacy-token room=B74oGEHB:d3bc1717
[Relay][B74oGEHB:d3bc1717] Phone joined lobby (browsers=1, active=false)
[Relay][B74oGEHB:d3bc1717] Phone device name: Google sdk_gphone64_x86_64
[Relay][B74oGEHB:d3bc1717] Dropping lobby-phone frame: bytes=41 (type=NOTIFICATION_PERMISSION count=1; room totals: NOTIFICATION_PERMISSION=1)
[Relay][B74oGEHB:d3bc1717] Dropping lobby-phone frame: bytes=79 (type=SIM_LIST count=1; room totals: NOTIFICATION_PERMISSION=1 SIM_LIST=1)
[Relay][B74oGEHB:d3bc1717] Phone disconnected (was_active=false, code=1000, reason="(none)")
[Relay] Connection authed user=cmubrddj30000l270gnbhb5vy via legacy-token room=B74oGEHB:d3bc1717
[Relay][B74oGEHB:d3bc1717] Phone joined lobby (browsers=1, active=false)
[Relay][B74oGEHB:d3bc1717] Phone device name: Google sdk_gphone64_x86_64
[Relay][B74oGEHB:d3bc1717] Dropping lobby-phone frame: bytes=41 (type=NOTIFICATION_PERMISSION count=2; room totals: NOTIFICATION_PERMISSION=2 SIM_LIST=1)
[Relay][B74oGEHB:d3bc1717] Dropping lobby-phone frame: bytes=79 (type=SIM_LIST count=2; room totals: NOTIFICATION_PERMISSION=2 SIM_LIST=2)
[Relay][B74oGEHB:d3bc1717] Phone disconnected (was_active=false, code=1006, reason="(none)")
[Relay][B74oGEHB:d3bc1717] Browser disconnected (was_active=false, code=1000, reason="page_unload")
[Relay] Connection authed user=cmubrddj30000l270gnbhb5vy via relay-ticket room=B74oGEHB:d3bc1717
[Relay][B74oGEHB:d3bc1717] Browser joined lobby (phones=0, active=false, listener=false, claim=none)
[Relay] Connection authed user=cmubrddj30000l270gnbhb5vy via legacy-token room=B74oGEHB:d3bc1717
[Relay][B74oGEHB:d3bc1717] Phone joined lobby (browsers=1, active=false)
[Relay][B74oGEHB:d3bc1717] Phone device name: Google sdk_gphone64_x86_64
[Relay][B74oGEHB:d3bc1717] Dropping lobby-phone frame: bytes=41 (type=NOTIFICATION_PERMISSION count=3; room totals: NOTIFICATION_PERMISSION=3 SIM_LIST=2)
[Relay][B74oGEHB:d3bc1717] Phone disconnected (was_active=false, code=1000, reason="(none)")
[Relay] Connection authed user=cmubrddj30000l270gnbhb5vy via legacy-token room=B74oGEHB:d3bc1717
[Relay][B74oGEHB:d3bc1717] Phone joined lobby (browsers=1, active=false)
[Relay][B74oGEHB:d3bc1717] Phone device name: Google sdk_gphone64_x86_64
[Relay][B74oGEHB:d3bc1717] Dropping lobby-phone frame: bytes=41 (type=NOTIFICATION_PERMISSION count=4; room totals: NOTIFICATION_PERMISSION=4 SIM_LIST=2)
[Relay][B74oGEHB:d3bc1717] Dropping lobby-phone frame: bytes=79 (type=SIM_LIST count=3; room totals: NOTIFICATION_PERMISSION=4 SIM_LIST=3)
[Relay][B74oGEHB:d3bc1717] Phone disconnected (was_active=false, code=1006, reason="(none)")
[Relay] Connection authed user=cmubrddj30000l270gnbhb5vy via legacy-token room=B74oGEHB:d3bc1717
[Relay][B74oGEHB:d3bc1717] Phone joined lobby (browsers=1, active=false)
[Relay][B74oGEHB:d3bc1717] Phone device name: Google sdk_gphone64_x86_64
[Relay][B74oGEHB:d3bc1717] Dropping lobby-phone frame: bytes=41 (type=NOTIFICATION_PERMISSION count=5; room totals: NOTIFICATION_PERMISSION=5 SIM_LIST=3)
[Relay][B74oGEHB:d3bc1717] Dropping lobby-phone frame: bytes=79 (type=SIM_LIST count=4; room totals: NOTIFICATION_PERMISSION=5 SIM_LIST=4)
[Relay][B74oGEHB:d3bc1717] Phone disconnected (was_active=false, code=1000, reason="(none)")
[Relay] Connection authed user=cmubrddj30000l270gnbhb5vy via legacy-token room=B74oGEHB:d3bc1717
[Relay][B74oGEHB:d3bc1717] Phone joined lobby (browsers=1, active=false)
[Relay][B74oGEHB:d3bc1717] Phone device name: Google sdk_gphone64_x86_64
[Relay][B74oGEHB:d3bc1717] Dropping lobby-phone frame: bytes=41 (type=NOTIFICATION_PERMISSION count=6; room totals: NOTIFICATION_PERMISSION=6 SIM_LIST=4)
[Relay][B74oGEHB:d3bc1717] Dropping lobby-phone frame: bytes=79 (type=SIM_LIST count=5; room totals: NOTIFICATION_PERMISSION=6 SIM_LIST=5)
[Relay][B74oGEHB:d3bc1717] Browser disconnected (was_active=false, code=1000, reason="page_unload")
[Relay] Connection authed user=cmubrddj30000l270gnbhb5vy via relay-ticket room=B74oGEHB:d3bc1717
[Relay][B74oGEHB:d3bc1717] Browser joined lobby (phones=1, active=false, listener=false, claim=none)
[Relay][B74oGEHB:d3bc1717] Pairing request 89513a64-dd3c-4a64-8c65-586a156e6e6f forwarded to phone (ua=Mozilla/5.0 (Windows NT 10.0; Win64; x64 ip=127.0.0.1 label=Chrome on Windows e2e=v1/mode1/recips1)
[Relay][B74oGEHB:d3bc1717] Pairing 89513a64-dd3c-4a64-8c65-586a156e6e6f ACTIVE — browser ↔ phone
[Relay][B74oGEHB:d3bc1717] socket_closed: soft-hold survivor (droppedRole=browser, code=1000 reason="page_unload"), resume window armed (180000ms), panelHold=YES (renewed each tick while a listener is present; grace 600000ms)
[Relay][B74oGEHB:d3bc1717] Browser disconnected (was_active=true, code=1000, reason="page_unload")
[Relay] Connection authed user=cmubrddj30000l270gnbhb5vy via relay-ticket room=B74oGEHB:d3bc1717
[Relay][B74oGEHB:d3bc1717] Browser joined lobby (phones=0, active=true, listener=false, claim=armed(droppedRole=browser))
[Relay][B74oGEHB:d3bc1717] auto-resumed pair after socket_closed (gap=754ms, heldFor=754ms, droppedRole=browser, panelHold=true, survivorHeld=true)
[Relay][B74oGEHB:d3bc1717] Browser disconnected (was_active=false, code=1001, reason="(none)")
